[     117ms] [LOG] [BH] IIFE STARTED @ http://localhost:8788/assets/js/admin-app.js?v=49:10
[     118ms] [LOG] [BH] MIDPOINT REACHED - LEADS section @ http://localhost:8788/assets/js/admin-app.js?v=49:767
[     119ms] [LOG] [BH] CHECKPOINT - CHAT section @ http://localhost:8788/assets/js/admin-app.js?v=49:3281
[     119ms] [LOG] [BH] AFTER CHAT SECTION - about to define search/utility/init @ http://localhost:8788/assets/js/admin-app.js?v=49:3759
[     119ms] [LOG] [BH] Before if/else block, readyState: loading @ http://localhost:8788/assets/js/admin-app.js?v=49:3948
[     119ms] [LOG] [BH] IIFE END REACHED @ http://localhost:8788/assets/js/admin-app.js?v=49:3954
[     136ms] [LOG] [BH] startApp() called, readyState: interactive @ http://localhost:8788/assets/js/admin-app.js?v=49:3833
[     136ms] [LOG] [BH] initAuth: checking session... @ http://localhost:8788/assets/js/admin-app.js?v=49:56
[     136ms] [LOG] [BH] initAuth: session exists = true @ http://localhost:8788/assets/js/admin-app.js?v=49:66
[     136ms] [LOG] [BH] initAuth: calling showApp() @ http://localhost:8788/assets/js/admin-app.js?v=49:73
[     137ms] [LOG] [BH] showApp() called @ http://localhost:8788/assets/js/admin-app.js?v=49:158
[     137ms] [LOG] [BH] hidePreloader() called @ http://localhost:8788/assets/js/admin-app.js?v=49:173
[     137ms] [LOG] [BH] hidePreloader() finished {bodyClasses: , preloaderClasses: preloader is-hidden} @ http://localhost:8788/assets/js/admin-app.js?v=49:177
[     137ms] [LOG] [BH] showApp() finished, preloader hidden @ http://localhost:8788/assets/js/admin-app.js?v=49:165
[     158ms] [VERBOSE] [DOM] Password field is not contained in a form: (More info: https://goo.gl/9p2vKq) %o @ http://localhost:8788/admin.html:0
[     158ms] [VERBOSE] [DOM] Input elements should have autocomplete attributes (suggested: "current-password"): (More info: https://goo.gl/9p2vKq) %o @ http://localhost:8788/admin.html:0
[     158ms] [VERBOSE] [DOM] Input elements should have autocomplete attributes (suggested: "new-password"): (More info: https://goo.gl/9p2vKq) %o @ http://localhost:8788/admin.html:0
[     158ms] [VERBOSE] [DOM] Input elements should have autocomplete attributes (suggested: "new-password"): (More info: https://goo.gl/9p2vKq) %o @ http://localhost:8788/admin.html:0
[     158ms] [VERBOSE] [DOM] Password forms should have (optionally hidden) username fields for accessibility: (More info: https://goo.gl/9p2vKq) %o @ http://localhost:8788/admin.html:0
[     158ms] [VERBOSE] [DOM] Input elements should have autocomplete attributes (suggested: "current-password"): (More info: https://goo.gl/9p2vKq) @ http://localhost:8788/admin.html:0
[   11865ms] [LOG] [BH] IIFE STARTED @ http://localhost:8788/assets/js/admin-app.js?v=50:10
[   11865ms] [LOG] [BH] MIDPOINT REACHED - LEADS section @ http://localhost:8788/assets/js/admin-app.js?v=50:767
[   11866ms] [LOG] [BH] CHECKPOINT - CHAT section @ http://localhost:8788/assets/js/admin-app.js?v=50:3281
[   11866ms] [LOG] [BH] AFTER CHAT SECTION - about to define search/utility/init @ http://localhost:8788/assets/js/admin-app.js?v=50:3759
[   11866ms] [LOG] [BH] Before if/else block, readyState: loading @ http://localhost:8788/assets/js/admin-app.js?v=50:3948
[   11866ms] [LOG] [BH] IIFE END REACHED @ http://localhost:8788/assets/js/admin-app.js?v=50:3954
[   11868ms] [LOG] [BH] startApp() called, readyState: interactive @ http://localhost:8788/assets/js/admin-app.js?v=50:3833
[   11868ms] [LOG] [BH] initAuth: checking session... @ http://localhost:8788/assets/js/admin-app.js?v=50:56
[   11868ms] [LOG] [BH] initAuth: session exists = true @ http://localhost:8788/assets/js/admin-app.js?v=50:66
[   11868ms] [LOG] [BH] initAuth: calling showApp() @ http://localhost:8788/assets/js/admin-app.js?v=50:73
[   11868ms] [LOG] [BH] showApp() called @ http://localhost:8788/assets/js/admin-app.js?v=50:158
[   11869ms] [LOG] [BH] hidePreloader() called @ http://localhost:8788/assets/js/admin-app.js?v=50:173
[   11869ms] [LOG] [BH] hidePreloader() finished {bodyClasses: , preloaderClasses: preloader is-hidden} @ http://localhost:8788/assets/js/admin-app.js?v=50:177
[   11869ms] [LOG] [BH] showApp() finished, preloader hidden @ http://localhost:8788/assets/js/admin-app.js?v=50:165
[   11883ms] [VERBOSE] [DOM] Password field is not contained in a form: (More info: https://goo.gl/9p2vKq) %o @ http://localhost:8788/admin.html:0
[   11883ms] [VERBOSE] [DOM] Input elements should have autocomplete attributes (suggested: "current-password"): (More info: https://goo.gl/9p2vKq) %o @ http://localhost:8788/admin.html:0
[   11883ms] [VERBOSE] [DOM] Input elements should have autocomplete attributes (suggested: "new-password"): (More info: https://goo.gl/9p2vKq) %o @ http://localhost:8788/admin.html:0
[   11883ms] [VERBOSE] [DOM] Input elements should have autocomplete attributes (suggested: "new-password"): (More info: https://goo.gl/9p2vKq) %o @ http://localhost:8788/admin.html:0
[   11884ms] [VERBOSE] [DOM] Password forms should have (optionally hidden) username fields for accessibility: (More info: https://goo.gl/9p2vKq) %o @ http://localhost:8788/admin.html:0
[   11884ms] [VERBOSE] [DOM] Input elements should have autocomplete attributes (suggested: "current-password"): (More info: https://goo.gl/9p2vKq) @ http://localhost:8788/admin.html:0
[   25508ms] [ERROR] Failed to load resource: net::ERR_CONNECTION_REFUSED @ http://localhost:8788/functions/v1/zernio-proxy:0
[   53625ms] [ERROR] Failed to load resource: the server responded with a status of 501 (Unsupported method ('POST')) @ http://localhost:8788/functions/v1/zernio-proxy:0
[   55276ms] [ERROR] Failed to load resource: the server responded with a status of 501 (Unsupported method ('POST')) @ http://localhost:8788/functions/v1/zernio-proxy:0
[   55846ms] [ERROR] Failed to load resource: the server responded with a status of 501 (Unsupported method ('POST')) @ http://localhost:8788/functions/v1/zernio-proxy:0
[   58991ms] [ERROR] Failed to load resource: the server responded with a status of 501 (Unsupported method ('POST')) @ http://localhost:8788/functions/v1/zernio-proxy:0
