[     147ms] [LOG] [BH] IIFE STARTED @ http://localhost:8788/assets/js/admin-app.js?v=49:10
[     148ms] [LOG] [BH] MIDPOINT REACHED - LEADS section @ http://localhost:8788/assets/js/admin-app.js?v=49:767
[     148ms] [LOG] [BH] CHECKPOINT - CHAT section @ http://localhost:8788/assets/js/admin-app.js?v=49:3281
[     148ms] [LOG] [BH] AFTER CHAT SECTION - about to define search/utility/init @ http://localhost:8788/assets/js/admin-app.js?v=49:3759
[     148ms] [LOG] [BH] Before if/else block, readyState: loading @ http://localhost:8788/assets/js/admin-app.js?v=49:3888
[     148ms] [LOG] [BH] IIFE END REACHED @ http://localhost:8788/assets/js/admin-app.js?v=49:3894
[     151ms] [LOG] [BH] startApp() called, readyState: interactive @ http://localhost:8788/assets/js/admin-app.js?v=49:3803
[     151ms] [LOG] [BH] initAuth: checking session... @ http://localhost:8788/assets/js/admin-app.js?v=49:56
[     152ms] [LOG] [BH] initAuth: session exists = true @ http://localhost:8788/assets/js/admin-app.js?v=49:66
[     152ms] [LOG] [BH] initAuth: calling showApp() @ http://localhost:8788/assets/js/admin-app.js?v=49:73
[     152ms] [LOG] [BH] showApp() called @ http://localhost:8788/assets/js/admin-app.js?v=49:158
[     152ms] [LOG] [BH] hidePreloader() called @ http://localhost:8788/assets/js/admin-app.js?v=49:173
[     152ms] [LOG] [BH] hidePreloader() finished {bodyClasses: , preloaderClasses: preloader is-hidden} @ http://localhost:8788/assets/js/admin-app.js?v=49:177
[     152ms] [LOG] [BH] showApp() finished, preloader hidden @ http://localhost:8788/assets/js/admin-app.js?v=49:165
[     153ms] [ERROR] Auth init error: ReferenceError: updateSidebarBadges is not defined
    at showApp (http://localhost:8788/assets/js/admin-app.js?v=49:168:5)
    at initAuth (http://localhost:8788/assets/js/admin-app.js?v=49:76:9) @ http://localhost:8788/assets/js/admin-app.js?v=49:88
[     153ms] [LOG] [BH] showLogin() called @ http://localhost:8788/assets/js/admin-app.js?v=49:148
[     153ms] [LOG] [BH] hidePreloader() called @ http://localhost:8788/assets/js/admin-app.js?v=49:173
[     153ms] [LOG] [BH] hidePreloader() finished {bodyClasses: , preloaderClasses: preloader is-hidden} @ http://localhost:8788/assets/js/admin-app.js?v=49:177
[     153ms] [LOG] [BH] showLogin() finished, preloader hidden @ http://localhost:8788/assets/js/admin-app.js?v=49:154
[     160ms] [VERBOSE] [DOM] Password field is not contained in a form: (More info: https://goo.gl/9p2vKq) %o @ http://localhost:8788/admin.html:0
[     160ms] [VERBOSE] [DOM] Input elements should have autocomplete attributes (suggested: "current-password"): (More info: https://goo.gl/9p2vKq) %o @ http://localhost:8788/admin.html:0
[     160ms] [VERBOSE] [DOM] Input elements should have autocomplete attributes (suggested: "new-password"): (More info: https://goo.gl/9p2vKq) %o @ http://localhost:8788/admin.html:0
[     160ms] [VERBOSE] [DOM] Input elements should have autocomplete attributes (suggested: "new-password"): (More info: https://goo.gl/9p2vKq) %o @ http://localhost:8788/admin.html:0
[     161ms] [VERBOSE] [DOM] Password forms should have (optionally hidden) username fields for accessibility: (More info: https://goo.gl/9p2vKq) %o @ http://localhost:8788/admin.html:0
[     161ms] [VERBOSE] [DOM] Input elements should have autocomplete attributes (suggested: "current-password"): (More info: https://goo.gl/9p2vKq) @ http://localhost:8788/admin.html:0
[   28411ms] [LOG] [BH] showApp() called @ http://localhost:8788/assets/js/admin-app.js?v=49:158
[   28411ms] [LOG] [BH] hidePreloader() called @ http://localhost:8788/assets/js/admin-app.js?v=49:173
[   28411ms] [LOG] [BH] hidePreloader() finished {bodyClasses: , preloaderClasses: preloader is-hidden} @ http://localhost:8788/assets/js/admin-app.js?v=49:177
[   28411ms] [LOG] [BH] showApp() finished, preloader hidden @ http://localhost:8788/assets/js/admin-app.js?v=49:165
[   28415ms] [ERROR] ReferenceError: updateSidebarBadges is not defined
    at showApp (http://localhost:8788/assets/js/admin-app.js?v=49:168:5)
    at Object.callback (http://localhost:8788/assets/js/admin-app.js?v=49:96:9)
    at https://cdn.jsdelivr.net/npm/@supabase/supabase-js@2:17:24933
    at Array.map (<anonymous>)
    at Gi._notifyAllSubscribers (https://cdn.jsdelivr.net/npm/@supabase/supabase-js@2:17:24907)
    at Gi.signInWithPassword (https://cdn.jsdelivr.net/npm/@supabase/supabase-js@2:16:20973)
    at async HTMLFormElement.<anonymous> (http://localhost:8788/assets/js/admin-app.js?v=49:208:25) @ https://cdn.jsdelivr.net/npm/@supabase/supabase-js@2:16
[   54848ms] [VERBOSE] [DOM] Password field is not contained in a form: (More info: https://goo.gl/9p2vKq) %o @ http://localhost:8788/admin.html:0
[   85970ms] [ERROR] Failed to load resource: the server responded with a status of 501 (Unsupported method ('POST')) @ http://localhost:8788/functions/v1/zernio-proxy:0
[   87165ms] [ERROR] Failed to load resource: the server responded with a status of 501 (Unsupported method ('POST')) @ http://localhost:8788/functions/v1/zernio-proxy:0
[   87862ms] [ERROR] Failed to load resource: the server responded with a status of 501 (Unsupported method ('POST')) @ http://localhost:8788/functions/v1/zernio-proxy:0
[   88617ms] [ERROR] Failed to load resource: the server responded with a status of 501 (Unsupported method ('POST')) @ http://localhost:8788/functions/v1/zernio-proxy:0
[   89288ms] [ERROR] Failed to load resource: the server responded with a status of 501 (Unsupported method ('POST')) @ http://localhost:8788/functions/v1/zernio-proxy:0
[   89897ms] [ERROR] Failed to load resource: the server responded with a status of 501 (Unsupported method ('POST')) @ http://localhost:8788/functions/v1/zernio-proxy:0
[   99702ms] [ERROR] Failed to load resource: the server responded with a status of 501 (Unsupported method ('POST')) @ http://localhost:8788/functions/v1/zernio-proxy:0
[  153342ms] [LOG] [BH] IIFE STARTED @ http://localhost:8788/assets/js/admin-app.js?v=49:10
[  153343ms] [LOG] [BH] MIDPOINT REACHED - LEADS section @ http://localhost:8788/assets/js/admin-app.js?v=49:767
[  153344ms] [LOG] [BH] CHECKPOINT - CHAT section @ http://localhost:8788/assets/js/admin-app.js?v=49:3281
[  153344ms] [LOG] [BH] AFTER CHAT SECTION - about to define search/utility/init @ http://localhost:8788/assets/js/admin-app.js?v=49:3759
[  153345ms] [LOG] [BH] Before if/else block, readyState: loading @ http://localhost:8788/assets/js/admin-app.js?v=49:3918
[  153345ms] [LOG] [BH] IIFE END REACHED @ http://localhost:8788/assets/js/admin-app.js?v=49:3924
[  153348ms] [LOG] [BH] startApp() called, readyState: interactive @ http://localhost:8788/assets/js/admin-app.js?v=49:3833
[  153348ms] [LOG] [BH] initAuth: checking session... @ http://localhost:8788/assets/js/admin-app.js?v=49:56
[  153349ms] [LOG] [BH] initAuth: session exists = true @ http://localhost:8788/assets/js/admin-app.js?v=49:66
[  153349ms] [LOG] [BH] initAuth: calling showApp() @ http://localhost:8788/assets/js/admin-app.js?v=49:73
[  153349ms] [LOG] [BH] showApp() called @ http://localhost:8788/assets/js/admin-app.js?v=49:158
[  153349ms] [LOG] [BH] hidePreloader() called @ http://localhost:8788/assets/js/admin-app.js?v=49:173
[  153349ms] [LOG] [BH] hidePreloader() finished {bodyClasses: , preloaderClasses: preloader is-hidden} @ http://localhost:8788/assets/js/admin-app.js?v=49:177
[  153349ms] [LOG] [BH] showApp() finished, preloader hidden @ http://localhost:8788/assets/js/admin-app.js?v=49:165
[  153391ms] [VERBOSE] [DOM] Password field is not contained in a form: (More info: https://goo.gl/9p2vKq) %o @ http://localhost:8788/admin.html:0
[  153391ms] [VERBOSE] [DOM] Input elements should have autocomplete attributes (suggested: "current-password"): (More info: https://goo.gl/9p2vKq) %o @ http://localhost:8788/admin.html:0
[  153391ms] [VERBOSE] [DOM] Input elements should have autocomplete attributes (suggested: "new-password"): (More info: https://goo.gl/9p2vKq) %o @ http://localhost:8788/admin.html:0
[  153391ms] [VERBOSE] [DOM] Input elements should have autocomplete attributes (suggested: "new-password"): (More info: https://goo.gl/9p2vKq) %o @ http://localhost:8788/admin.html:0
[  153392ms] [VERBOSE] [DOM] Password forms should have (optionally hidden) username fields for accessibility: (More info: https://goo.gl/9p2vKq) %o @ http://localhost:8788/admin.html:0
[  153392ms] [VERBOSE] [DOM] Input elements should have autocomplete attributes (suggested: "current-password"): (More info: https://goo.gl/9p2vKq) @ http://localhost:8788/admin.html:0
[  160588ms] [ERROR] Failed to load resource: the server responded with a status of 501 (Unsupported method ('POST')) @ http://localhost:8788/functions/v1/zernio-proxy:0
[  162140ms] [ERROR] Failed to load resource: the server responded with a status of 501 (Unsupported method ('POST')) @ http://localhost:8788/functions/v1/zernio-proxy:0
[  166578ms] [ERROR] Failed to load resource: the server responded with a status of 501 (Unsupported method ('POST')) @ http://localhost:8788/functions/v1/zernio-proxy:0
[  167793ms] [ERROR] Failed to load resource: the server responded with a status of 501 (Unsupported method ('POST')) @ http://localhost:8788/functions/v1/zernio-proxy:0
[  174100ms] [ERROR] Failed to load resource: the server responded with a status of 501 (Unsupported method ('POST')) @ http://localhost:8788/functions/v1/zernio-proxy:0
[  216510ms] [ERROR] Failed to load resource: the server responded with a status of 501 (Unsupported method ('POST')) @ http://localhost:8788/functions/v1/zernio-proxy:0
